// Jest Snapshot v1, https://goo.gl/fbAQLP

exports[`<CardCarousel /> renders card carousel with custom title and subtitles elements 1`] = `
<div
  aria-label="example card carousel"
  className="pgn__overflow-scroll"
  role="region"
>
  <div
    className="pgn__card-carousel"
  >
    <div
      className="pgn__card-carousel-header"
    >
      <div>
        <h1>
          Example Title
        </h1>
        <p
          className="small"
        >
          Example subtitle
        </p>
      </div>
    </div>
    <div
      className="pgn__card-deck pgn__card-deck-has-horizontal-scroll"
    >
      <div
        className="pgn__card-deck-row row"
        tabIndex={0}
      >
        <div />
        <div
          className="pgn__overflow-scroll-item pgn__card-deck-card-item col-xl-4 col-lg-6 col-sm-12"
        >
          <div
            className="pgn__card pgn__card-light card"
            tabIndex={-1}
          >
            <div
              className="pgn__card-wrapper-image-cap vertical"
            >
              <img
                className="pgn__card-image-cap"
                onError={[Function]}
                src="http://fake.image"
              />
            </div>
            <div
              className="pgn__card-body"
            >
              <div
                className="pgn__card-header"
              >
                <div
                  className="pgn__card-header-content"
                />
              </div>
              <div
                className="pgn__card-section"
              >
                This is a wider card with supporting text below as a natural lead-in to additional content. This card has even longer content than the first to show that equal height action.
              </div>
            </div>
            <div
              className="pgn__card-footer vertical"
            >
              <div
                className="pgn__card-footer-text vertical"
              >
                <small
                  className="text-muted"
                >
                  Last updated 3 mins ago
                </small>
              </div>
            </div>
          </div>
        </div>
        <div
          className="pgn__overflow-scroll-item pgn__card-deck-card-item col-xl-4 col-lg-6 col-sm-12"
        >
          <div
            className="pgn__card pgn__card-light card"
            tabIndex={-1}
          >
            <div
              className="pgn__card-wrapper-image-cap vertical"
            >
              <img
                className="pgn__card-image-cap"
                onError={[Function]}
                src="http://fake.image"
              />
            </div>
            <div
              className="pgn__card-body"
            >
              <div
                className="pgn__card-header"
              >
                <div
                  className="pgn__card-header-content"
                />
              </div>
              <div
                className="pgn__card-section"
              >
                This is a wider card with supporting text below as a natural lead-in to additional content. This card has even longer content than the first to show that equal height action.
              </div>
            </div>
            <div
              className="pgn__card-footer vertical"
            >
              <div
                className="pgn__card-footer-text vertical"
              >
                <small
                  className="text-muted"
                >
                  Last updated 3 mins ago
                </small>
              </div>
            </div>
          </div>
        </div>
        <div
          className="pgn__overflow-scroll-item pgn__card-deck-card-item col-xl-4 col-lg-6 col-sm-12"
        >
          <div
            className="pgn__card pgn__card-light card"
            tabIndex={-1}
          >
            <div
              className="pgn__card-wrapper-image-cap vertical"
            >
              <img
                className="pgn__card-image-cap"
                onError={[Function]}
                src="http://fake.image"
              />
            </div>
            <div
              className="pgn__card-body"
            >
              <div
                className="pgn__card-header"
              >
                <div
                  className="pgn__card-header-content"
                />
              </div>
              <div
                className="pgn__card-section"
              >
                This is a wider card with supporting text below as a natural lead-in to additional content. This card has even longer content than the first to show that equal height action.
              </div>
            </div>
            <div
              className="pgn__card-footer vertical"
            >
              <div
                className="pgn__card-footer-text vertical"
              >
                <small
                  className="text-muted"
                >
                  Last updated 3 mins ago
                </small>
              </div>
            </div>
          </div>
        </div>
        <div
          className="pgn__overflow-scroll-item pgn__card-deck-card-item col-xl-4 col-lg-6 col-sm-12"
        >
          <div
            className="pgn__card pgn__card-light card"
            tabIndex={-1}
          >
            <div
              className="pgn__card-wrapper-image-cap vertical"
            >
              <img
                className="pgn__card-image-cap"
                onError={[Function]}
                src="http://fake.image"
              />
            </div>
            <div
              className="pgn__card-body"
            >
              <div
                className="pgn__card-header"
              >
                <div
                  className="pgn__card-header-content"
                />
              </div>
              <div
                className="pgn__card-section"
              >
                This is a wider card with supporting text below as a natural lead-in to additional content. This card has even longer content than the first to show that equal height action.
              </div>
            </div>
            <div
              className="pgn__card-footer vertical"
            >
              <div
                className="pgn__card-footer-text vertical"
              >
                <small
                  className="text-muted"
                >
                  Last updated 3 mins ago
                </small>
              </div>
            </div>
          </div>
        </div>
        <div
          className="pgn__overflow-scroll-item pgn__card-deck-card-item col-xl-4 col-lg-6 col-sm-12"
        >
          <div
            className="pgn__card pgn__card-light card"
            tabIndex={-1}
          >
            <div
              className="pgn__card-wrapper-image-cap vertical"
            >
              <img
                className="pgn__card-image-cap"
                onError={[Function]}
                src="http://fake.image"
              />
            </div>
            <div
              className="pgn__card-body"
            >
              <div
                className="pgn__card-header"
              >
                <div
                  className="pgn__card-header-content"
                />
              </div>
              <div
                className="pgn__card-section"
              >
                This is a wider card with supporting text below as a natural lead-in to additional content. This card has even longer content than the first to show that equal height action.
              </div>
            </div>
            <div
              className="pgn__card-footer vertical"
            >
              <div
                className="pgn__card-footer-text vertical"
              >
                <small
                  className="text-muted"
                >
                  Last updated 3 mins ago
                </small>
              </div>
            </div>
          </div>
        </div>
        <div />
      </div>
    </div>
  </div>
</div>
`;

exports[`<CardCarousel /> renders card carousel with title and subtitles 1`] = `
<div
  aria-label="example card carousel"
  className="pgn__overflow-scroll"
  role="region"
>
  <div
    className="pgn__card-carousel"
  >
    <div
      className="pgn__card-carousel-header"
    >
      <div>
        <h2
          className="pgn__card-carousel-title"
        >
          Example Title
        </h2>
        <p
          className="pgn__card-carousel-subtitle"
        >
          Example subtitle.
        </p>
      </div>
    </div>
    <div
      className="pgn__card-deck pgn__card-deck-has-horizontal-scroll"
    >
      <div
        className="pgn__card-deck-row row"
        tabIndex={0}
      >
        <div />
        <div
          className="pgn__overflow-scroll-item pgn__card-deck-card-item col-xl-4 col-lg-6 col-sm-12"
        >
          <div
            className="pgn__card pgn__card-light card"
            tabIndex={-1}
          >
            <div
              className="pgn__card-wrapper-image-cap vertical"
            >
              <img
                className="pgn__card-image-cap"
                onError={[Function]}
                src="http://fake.image"
              />
            </div>
            <div
              className="pgn__card-body"
            >
              <div
                className="pgn__card-header"
              >
                <div
                  className="pgn__card-header-content"
                />
              </div>
              <div
                className="pgn__card-section"
              >
                This is a wider card with supporting text below as a natural lead-in to additional content. This card has even longer content than the first to show that equal height action.
              </div>
            </div>
            <div
              className="pgn__card-footer vertical"
            >
              <div
                className="pgn__card-footer-text vertical"
              >
                <small
                  className="text-muted"
                >
                  Last updated 3 mins ago
                </small>
              </div>
            </div>
          </div>
        </div>
        <div
          className="pgn__overflow-scroll-item pgn__card-deck-card-item col-xl-4 col-lg-6 col-sm-12"
        >
          <div
            className="pgn__card pgn__card-light card"
            tabIndex={-1}
          >
            <div
              className="pgn__card-wrapper-image-cap vertical"
            >
              <img
                className="pgn__card-image-cap"
                onError={[Function]}
                src="http://fake.image"
              />
            </div>
            <div
              className="pgn__card-body"
            >
              <div
                className="pgn__card-header"
              >
                <div
                  className="pgn__card-header-content"
                />
              </div>
              <div
                className="pgn__card-section"
              >
                This is a wider card with supporting text below as a natural lead-in to additional content. This card has even longer content than the first to show that equal height action.
              </div>
            </div>
            <div
              className="pgn__card-footer vertical"
            >
              <div
                className="pgn__card-footer-text vertical"
              >
                <small
                  className="text-muted"
                >
                  Last updated 3 mins ago
                </small>
              </div>
            </div>
          </div>
        </div>
        <div
          className="pgn__overflow-scroll-item pgn__card-deck-card-item col-xl-4 col-lg-6 col-sm-12"
        >
          <div
            className="pgn__card pgn__card-light card"
            tabIndex={-1}
          >
            <div
              className="pgn__card-wrapper-image-cap vertical"
            >
              <img
                className="pgn__card-image-cap"
                onError={[Function]}
                src="http://fake.image"
              />
            </div>
            <div
              className="pgn__card-body"
            >
              <div
                className="pgn__card-header"
              >
                <div
                  className="pgn__card-header-content"
                />
              </div>
              <div
                className="pgn__card-section"
              >
                This is a wider card with supporting text below as a natural lead-in to additional content. This card has even longer content than the first to show that equal height action.
              </div>
            </div>
            <div
              className="pgn__card-footer vertical"
            >
              <div
                className="pgn__card-footer-text vertical"
              >
                <small
                  className="text-muted"
                >
                  Last updated 3 mins ago
                </small>
              </div>
            </div>
          </div>
        </div>
        <div
          className="pgn__overflow-scroll-item pgn__card-deck-card-item col-xl-4 col-lg-6 col-sm-12"
        >
          <div
            className="pgn__card pgn__card-light card"
            tabIndex={-1}
          >
            <div
              className="pgn__card-wrapper-image-cap vertical"
            >
              <img
                className="pgn__card-image-cap"
                onError={[Function]}
                src="http://fake.image"
              />
            </div>
            <div
              className="pgn__card-body"
            >
              <div
                className="pgn__card-header"
              >
                <div
                  className="pgn__card-header-content"
                />
              </div>
              <div
                className="pgn__card-section"
              >
                This is a wider card with supporting text below as a natural lead-in to additional content. This card has even longer content than the first to show that equal height action.
              </div>
            </div>
            <div
              className="pgn__card-footer vertical"
            >
              <div
                className="pgn__card-footer-text vertical"
              >
                <small
                  className="text-muted"
                >
                  Last updated 3 mins ago
                </small>
              </div>
            </div>
          </div>
        </div>
        <div
          className="pgn__overflow-scroll-item pgn__card-deck-card-item col-xl-4 col-lg-6 col-sm-12"
        >
          <div
            className="pgn__card pgn__card-light card"
            tabIndex={-1}
          >
            <div
              className="pgn__card-wrapper-image-cap vertical"
            >
              <img
                className="pgn__card-image-cap"
                onError={[Function]}
                src="http://fake.image"
              />
            </div>
            <div
              className="pgn__card-body"
            >
              <div
                className="pgn__card-header"
              >
                <div
                  className="pgn__card-header-content"
                />
              </div>
              <div
                className="pgn__card-section"
              >
                This is a wider card with supporting text below as a natural lead-in to additional content. This card has even longer content than the first to show that equal height action.
              </div>
            </div>
            <div
              className="pgn__card-footer vertical"
            >
              <div
                className="pgn__card-footer-text vertical"
              >
                <small
                  className="text-muted"
                >
                  Last updated 3 mins ago
                </small>
              </div>
            </div>
          </div>
        </div>
        <div />
      </div>
    </div>
  </div>
</div>
`;

exports[`<CardCarousel /> renders default card carousel 1`] = `
<div
  aria-label="example card carousel"
  className="pgn__overflow-scroll"
  role="region"
>
  <div
    className="pgn__card-carousel"
  >
    <div
      className="pgn__card-carousel-header"
    >
      <div />
    </div>
    <div
      className="pgn__card-deck pgn__card-deck-has-horizontal-scroll"
    >
      <div
        className="pgn__card-deck-row row"
        tabIndex={0}
      >
        <div />
        <div
          className="pgn__overflow-scroll-item pgn__card-deck-card-item col-xl-4 col-lg-6 col-sm-12"
        >
          <div
            className="pgn__card pgn__card-light card"
            tabIndex={-1}
          >
            <div
              className="pgn__card-wrapper-image-cap vertical"
            >
              <img
                className="pgn__card-image-cap"
                onError={[Function]}
                src="http://fake.image"
              />
            </div>
            <div
              className="pgn__card-body"
            >
              <div
                className="pgn__card-header"
              >
                <div
                  className="pgn__card-header-content"
                />
              </div>
              <div
                className="pgn__card-section"
              >
                This is a wider card with supporting text below as a natural lead-in to additional content. This card has even longer content than the first to show that equal height action.
              </div>
            </div>
            <div
              className="pgn__card-footer vertical"
            >
              <div
                className="pgn__card-footer-text vertical"
              >
                <small
                  className="text-muted"
                >
                  Last updated 3 mins ago
                </small>
              </div>
            </div>
          </div>
        </div>
        <div
          className="pgn__overflow-scroll-item pgn__card-deck-card-item col-xl-4 col-lg-6 col-sm-12"
        >
          <div
            className="pgn__card pgn__card-light card"
            tabIndex={-1}
          >
            <div
              className="pgn__card-wrapper-image-cap vertical"
            >
              <img
                className="pgn__card-image-cap"
                onError={[Function]}
                src="http://fake.image"
              />
            </div>
            <div
              className="pgn__card-body"
            >
              <div
                className="pgn__card-header"
              >
                <div
                  className="pgn__card-header-content"
                />
              </div>
              <div
                className="pgn__card-section"
              >
                This is a wider card with supporting text below as a natural lead-in to additional content. This card has even longer content than the first to show that equal height action.
              </div>
            </div>
            <div
              className="pgn__card-footer vertical"
            >
              <div
                className="pgn__card-footer-text vertical"
              >
                <small
                  className="text-muted"
                >
                  Last updated 3 mins ago
                </small>
              </div>
            </div>
          </div>
        </div>
        <div
          className="pgn__overflow-scroll-item pgn__card-deck-card-item col-xl-4 col-lg-6 col-sm-12"
        >
          <div
            className="pgn__card pgn__card-light card"
            tabIndex={-1}
          >
            <div
              className="pgn__card-wrapper-image-cap vertical"
            >
              <img
                className="pgn__card-image-cap"
                onError={[Function]}
                src="http://fake.image"
              />
            </div>
            <div
              className="pgn__card-body"
            >
              <div
                className="pgn__card-header"
              >
                <div
                  className="pgn__card-header-content"
                />
              </div>
              <div
                className="pgn__card-section"
              >
                This is a wider card with supporting text below as a natural lead-in to additional content. This card has even longer content than the first to show that equal height action.
              </div>
            </div>
            <div
              className="pgn__card-footer vertical"
            >
              <div
                className="pgn__card-footer-text vertical"
              >
                <small
                  className="text-muted"
                >
                  Last updated 3 mins ago
                </small>
              </div>
            </div>
          </div>
        </div>
        <div
          className="pgn__overflow-scroll-item pgn__card-deck-card-item col-xl-4 col-lg-6 col-sm-12"
        >
          <div
            className="pgn__card pgn__card-light card"
            tabIndex={-1}
          >
            <div
              className="pgn__card-wrapper-image-cap vertical"
            >
              <img
                className="pgn__card-image-cap"
                onError={[Function]}
                src="http://fake.image"
              />
            </div>
            <div
              className="pgn__card-body"
            >
              <div
                className="pgn__card-header"
              >
                <div
                  className="pgn__card-header-content"
                />
              </div>
              <div
                className="pgn__card-section"
              >
                This is a wider card with supporting text below as a natural lead-in to additional content. This card has even longer content than the first to show that equal height action.
              </div>
            </div>
            <div
              className="pgn__card-footer vertical"
            >
              <div
                className="pgn__card-footer-text vertical"
              >
                <small
                  className="text-muted"
                >
                  Last updated 3 mins ago
                </small>
              </div>
            </div>
          </div>
        </div>
        <div
          className="pgn__overflow-scroll-item pgn__card-deck-card-item col-xl-4 col-lg-6 col-sm-12"
        >
          <div
            className="pgn__card pgn__card-light card"
            tabIndex={-1}
          >
            <div
              className="pgn__card-wrapper-image-cap vertical"
            >
              <img
                className="pgn__card-image-cap"
                onError={[Function]}
                src="http://fake.image"
              />
            </div>
            <div
              className="pgn__card-body"
            >
              <div
                className="pgn__card-header"
              >
                <div
                  className="pgn__card-header-content"
                />
              </div>
              <div
                className="pgn__card-section"
              >
                This is a wider card with supporting text below as a natural lead-in to additional content. This card has even longer content than the first to show that equal height action.
              </div>
            </div>
            <div
              className="pgn__card-footer vertical"
            >
              <div
                className="pgn__card-footer-text vertical"
              >
                <small
                  className="text-muted"
                >
                  Last updated 3 mins ago
                </small>
              </div>
            </div>
          </div>
        </div>
        <div />
      </div>
    </div>
  </div>
</div>
`;
