// Jest Snapshot v1, https://goo.gl/fbAQLP

exports[`<ButtonGroup /> correct rendering renders with children 1`] = `
<div
  className="btn-group btn-group-lg"
  role="group"
>
  <button
    className="btn btn-primary"
    disabled={false}
    type="button"
  >
    Left
  </button>
  <button
    className="btn btn-primary"
    disabled={false}
    type="button"
  >
    Middle
  </button>
  <button
    className="btn btn-primary"
    disabled={false}
    type="button"
  >
    Right
  </button>
</div>
`;

exports[`<ButtonGroup /> correct rendering renders without props 1`] = `
<div
  className="btn-group btn-group-md"
  role="group"
/>
`;
