// Jest Snapshot v1, https://goo.gl/fbAQLP

exports[`AvatarButton renders in all sizes 1`] = `
[
  <button
    className="btn-avatar pgn__avatar-button-avatar pgn__avatar-button-avatar-sm btn btn-tertiary btn-sm"
    disabled={false}
    type="button"
  >
    <img
      alt=""
      className="pgn__avatar pgn__avatar-xs"
      src="test-file-stub"
    />
    Casey
  </button>,
  <button
    className="btn-avatar pgn__avatar-button-avatar pgn__avatar-button-avatar-md btn btn-tertiary btn-md"
    disabled={false}
    type="button"
  >
    <img
      alt=""
      className="pgn__avatar pgn__avatar-sm"
      src="test-file-stub"
    />
    Casey
  </button>,
  <button
    className="btn-avatar pgn__avatar-button-avatar pgn__avatar-button-avatar-lg btn btn-tertiary btn-lg"
    disabled={false}
    type="button"
  >
    <img
      alt=""
      className="pgn__avatar pgn__avatar-md"
      src="test-file-stub"
    />
    Casey
  </button>,
  <button
    className="btn-avatar pgn__avatar-button-avatar pgn__avatar-button-avatar-sm pgn__avatar-button-hide-label btn btn-tertiary btn-sm"
    disabled={false}
    type="button"
  >
    <img
      alt="Casey"
      className="pgn__avatar pgn__avatar-xs"
      src="test-file-stub"
    />
  </button>,
  <button
    className="btn-avatar pgn__avatar-button-avatar pgn__avatar-button-avatar-md pgn__avatar-button-hide-label btn btn-tertiary btn-md"
    disabled={false}
    type="button"
  >
    <img
      alt="Casey"
      className="pgn__avatar pgn__avatar-sm"
      src="test-file-stub"
    />
  </button>,
  <button
    className="btn-avatar pgn__avatar-button-avatar pgn__avatar-button-avatar-lg pgn__avatar-button-hide-label btn btn-tertiary btn-lg"
    disabled={false}
    type="button"
  >
    <img
      alt="Casey"
      className="pgn__avatar pgn__avatar-md"
      src="test-file-stub"
    />
  </button>,
]
`;
