// Jest Snapshot v1, https://goo.gl/fbAQLP

exports[`AvatarButton renders in all sizes 1`] = `
Array [
  .emotion-0 {
  border: 2px solid palevioletred;
}

.emotion-0:hover {
  border-color: darkred;
}

<button
    className="btn-avatar pgn__avatar-button-avatar pgn__avatar-button-avatar-sm emotion-0 btn btn-tertiary btn-sm"
    disabled={false}
    type="button"
  >
    <span
      className="pgn__avatar-button-avatar-wrap"
    >
      <img
        alt=""
        className="pgn__avatar pgn__avatar-xs"
        src="test-file-stub"
      />
    </span>
    Casey
  </button>,
  .emotion-0 {
  border: 2px solid palevioletred;
}

.emotion-0:hover {
  border-color: darkred;
}

<button
    className="btn-avatar pgn__avatar-button-avatar pgn__avatar-button-avatar-md emotion-0 btn btn-tertiary btn-md"
    disabled={false}
    type="button"
  >
    <span
      className="pgn__avatar-button-avatar-wrap"
    >
      <img
        alt=""
        className="pgn__avatar pgn__avatar-sm"
        src="test-file-stub"
      />
    </span>
    Casey
  </button>,
  .emotion-0 {
  border: 2px solid palevioletred;
}

.emotion-0:hover {
  border-color: darkred;
}

<button
    className="btn-avatar pgn__avatar-button-avatar pgn__avatar-button-avatar-lg emotion-0 btn btn-tertiary btn-lg"
    disabled={false}
    type="button"
  >
    <span
      className="pgn__avatar-button-avatar-wrap"
    >
      <img
        alt=""
        className="pgn__avatar pgn__avatar-md"
        src="test-file-stub"
      />
    </span>
    Casey
  </button>,
  .emotion-0 {
  border: 2px solid palevioletred;
}

.emotion-0:hover {
  border-color: darkred;
}

<button
    className="btn-avatar pgn__avatar-button-avatar pgn__avatar-button-avatar-sm pgn__avatar-button-hide-label emotion-0 btn btn-tertiary btn-sm"
    disabled={false}
    type="button"
  >
    <span
      className="pgn__avatar-button-avatar-wrap"
    >
      <img
        alt="Casey"
        className="pgn__avatar pgn__avatar-xs"
        src="test-file-stub"
      />
    </span>
  </button>,
  .emotion-0 {
  border: 2px solid palevioletred;
}

.emotion-0:hover {
  border-color: darkred;
}

<button
    className="btn-avatar pgn__avatar-button-avatar pgn__avatar-button-avatar-md pgn__avatar-button-hide-label emotion-0 btn btn-tertiary btn-md"
    disabled={false}
    type="button"
  >
    <span
      className="pgn__avatar-button-avatar-wrap"
    >
      <img
        alt="Casey"
        className="pgn__avatar pgn__avatar-sm"
        src="test-file-stub"
      />
    </span>
  </button>,
  .emotion-0 {
  border: 2px solid palevioletred;
}

.emotion-0:hover {
  border-color: darkred;
}

<button
    className="btn-avatar pgn__avatar-button-avatar pgn__avatar-button-avatar-lg pgn__avatar-button-hide-label emotion-0 btn btn-tertiary btn-lg"
    disabled={false}
    type="button"
  >
    <span
      className="pgn__avatar-button-avatar-wrap"
    >
      <img
        alt="Casey"
        className="pgn__avatar pgn__avatar-md"
        src="test-file-stub"
      />
    </span>
  </button>,
]
`;
