// Jest Snapshot v1, https://goo.gl/fbAQLP

exports[`Menu Item renders correctly renders as expected with menu items 1`] = `
<div
  className="pgn__menu"
>
  <button
    className="pgn__menu-item"
  >
    <span
      className="pgn__menu-item-text"
    >
       A Menu Item
    </span>
    <span
      className="pgn__menu-item-content-spacer"
    />
  </button>
  <button
    className="pgn__menu-item"
    stoven={true}
  >
    <span
      className="pgn__icon btn-icon-before"
    >
      <svg
        aria-hidden={true}
        fill="none"
        focusable={false}
        height={24}
        role="img"
        viewBox="0 0 24 24"
        width={24}
        xmlns="http://www.w3.org/2000/svg"
      >
        <path
          d="M19 13h-6v6h-2v-6H5v-2h6V5h2v6h6v2z"
          fill="currentColor"
        />
      </svg>
    </span>
    <span
      className="pgn__menu-item-text"
    >
      A Menu Item With an Icon Before
    </span>
    <span
      className="pgn__menu-item-content-spacer"
    />
  </button>
  <button
    className="pgn__menu-item"
  >
    <span
      className="pgn__menu-item-text"
    >
      A Menu Item With an Icon After 
    </span>
    <span
      className="pgn__menu-item-content-spacer"
    />
    <span
      className="pgn__icon btn-icon-after"
    >
      <svg
        aria-hidden={true}
        fill="none"
        focusable={false}
        height={24}
        role="img"
        viewBox="0 0 24 24"
        width={24}
        xmlns="http://www.w3.org/2000/svg"
      >
        <path
          d="M9 16.2L4.8 12l-1.4 1.4L9 19 21 7l-1.4-1.4L9 16.2z"
          fill="currentColor"
        />
      </svg>
    </span>
  </button>
  <button
    className="pgn__menu-item"
    disabled={true}
  >
    <span
      className="pgn__menu-item-text"
    >
      A Disabled Menu Item
    </span>
    <span
      className="pgn__menu-item-content-spacer"
    />
  </button>
  <a
    className="pgn__hyperlink default-link standalone-link pgn__menu-item"
    href="https://en.wikipedia.org/wiki/Hyperlink"
    onClick={[Function]}
    target="_self"
  >
    <span
      className="pgn__menu-item-text"
    >
      A Link Menu Item
    </span>
    <span
      className="pgn__menu-item-content-spacer"
    />
  </a>
  <button
    className="pgn__menu-item btn btn-primary btn-inline"
    disabled={false}
    type="button"
  >
    <span
      className="pgn__menu-item-text"
    >
      A Button Menu Item
    </span>
    <span
      className="pgn__menu-item-content-spacer"
    />
  </button>
  <div
    className="pgn__form-checkbox pgn__menu-item"
  >
    <input
      className="pgn__form-checkbox-input"
      id="form-field1"
      type="checkbox"
    />
    <div>
      <label
        className="pgn__form-label"
        htmlFor="form-field1"
      >
        <span
          className="pgn__menu-item-text"
        >
          A Checkbox Menu Item
        </span>
        <span
          className="pgn__menu-item-content-spacer"
        />
      </label>
    </div>
  </div>
</div>
`;
