// Jest Snapshot v1, https://goo.gl/fbAQLP

exports[`correct rendering renders as expected 1`] = `
<div
  className="pgn__menu-select"
>
  <button
    aria-expanded={false}
    aria-haspopup="true"
    className="btn btn-outline-primary"
    disabled={false}
    onClick={[Function]}
    type="button"
  >
    Select...
    <span
      className="pgn__icon btn-icon-after"
    >
      <svg
        aria-hidden={true}
        fill="none"
        focusable={false}
        height={24}
        role="img"
        viewBox="0 0 24 24"
        width={24}
        xmlns="http://www.w3.org/2000/svg"
      >
        <path
          d="M16.59 8.59 12 13.17 7.41 8.59 6 10l6 6 6-6-1.41-1.41Z"
          fill="currentColor"
        />
      </svg>
    </span>
  </button>
  <div
    className="pgn__menu-select-popup"
  />
</div>
`;
