// Jest Snapshot v1, https://goo.gl/fbAQLP

exports[`<SelectableBox.Set /> correct rendering renders without props 1`] = `
<div
  className="pgn__selectable_box-set pgn__selectable_box-set--2 pgn__form-control-set"
  role="radiogroup"
>
  <div
    className="pgn__selectable_box"
    onClick={[Function]}
    onFocus={[Function]}
    onKeyPress={[Function]}
    role="button"
    tabIndex={0}
  >
    <div
      className="pgn__form-radio"
    >
      <input
        className="pgn__form-radio-input"
        defaultChecked={false}
        hidden={true}
        id="form-field1"
        name="testName"
        onChange={[Function]}
        tabIndex={-1}
        type="radio"
        value={1}
      />
      <div>
        <label
          className="pgn__form-label"
          htmlFor="form-field1"
        />
      </div>
    </div>
    SelectableRadio1
  </div>
  <div
    className="pgn__selectable_box"
    onClick={[Function]}
    onFocus={[Function]}
    onKeyPress={[Function]}
    role="button"
    tabIndex={0}
  >
    <div
      className="pgn__form-radio"
    >
      <input
        className="pgn__form-radio-input"
        defaultChecked={false}
        hidden={true}
        id="form-field2"
        name="testName"
        onChange={[Function]}
        tabIndex={-1}
        type="radio"
        value={2}
      />
      <div>
        <label
          className="pgn__form-label"
          htmlFor="form-field2"
        />
      </div>
    </div>
    SelectableRadio2
  </div>
  <div
    className="pgn__selectable_box"
    onClick={[Function]}
    onFocus={[Function]}
    onKeyPress={[Function]}
    role="button"
    tabIndex={0}
  >
    <div
      className="pgn__form-radio"
    >
      <input
        className="pgn__form-radio-input"
        defaultChecked={false}
        hidden={true}
        id="form-field3"
        name="testName"
        onChange={[Function]}
        tabIndex={-1}
        type="radio"
        value={3}
      />
      <div>
        <label
          className="pgn__form-label"
          htmlFor="form-field3"
        />
      </div>
    </div>
    SelectableRadio3
  </div>
</div>
`;
