// Jest Snapshot v1, https://goo.gl/fbAQLP

exports[`<SelectableBox.Set /> correct rendering renders without props 1`] = `
<div
  aria-label="test-default-label"
  className="pgn__selectable_box-set pgn__selectable_box-set--2 pgn__form-control-set"
  role="radiogroup"
>
  <div
    className="pgn__selectable_box"
    onClick={[Function]}
    onFocus={[Function]}
    onKeyPress={[Function]}
    role="button"
    tabIndex={0}
  >
    <input
      className="pgn__form-radio-input"
      defaultChecked={false}
      hidden={true}
      name="testName"
      onChange={[Function]}
      tabIndex={-1}
      type="radio"
      value={1}
    />
    SelectableRadio1
  </div>
  <div
    className="pgn__selectable_box"
    onClick={[Function]}
    onFocus={[Function]}
    onKeyPress={[Function]}
    role="button"
    tabIndex={0}
  >
    <input
      className="pgn__form-radio-input"
      defaultChecked={false}
      hidden={true}
      name="testName"
      onChange={[Function]}
      tabIndex={-1}
      type="radio"
      value={2}
    />
    SelectableRadio2
  </div>
  <div
    className="pgn__selectable_box"
    onClick={[Function]}
    onFocus={[Function]}
    onKeyPress={[Function]}
    role="button"
    tabIndex={0}
  >
    <input
      className="pgn__form-radio-input"
      defaultChecked={false}
      hidden={true}
      name="testName"
      onChange={[Function]}
      tabIndex={-1}
      type="radio"
      value={3}
    />
    SelectableRadio3
  </div>
</div>
`;
