// Jest Snapshot v1, https://goo.gl/fbAQLP

exports[`<SelectableBox /> correct rendering renders without props 1`] = `
<div
  className="pgn__selectable_box pgn__selectable_box-active"
  onClick={[Function]}
  onFocus={[Function]}
  onKeyPress={[Function]}
  role="button"
  tabIndex={0}
>
  <div
    className="pgn__form-radio"
  >
    <input
      checked={false}
      className="pgn__form-radio-input"
      hidden={true}
      id="form-field1"
      onChange={[Function]}
      tabIndex={-1}
      type="radio"
    />
    <div>
      <label
        className="pgn__form-label"
        htmlFor="form-field1"
      />
    </div>
  </div>
  SelectableBox
</div>
`;
