// Jest Snapshot v1, https://goo.gl/fbAQLP

exports[`<Truncate /> Component successfully renders 1`] = `
<div
  className={null}
>
  Learners, course teams, researchers, developers: the edX community includes groups with a range of reasons for using the platform and objectives to accomplish. To help members of each group learn about what edX offers, reach goals, and solve problems, edX provides a variety of information resources.
</div>
`;
