// Jest Snapshot v1, https://goo.gl/fbAQLP

exports[`<Input /> rendering properly renders groups 1`] = `
<select
  className="form-control"
  defaultValue="Foo Bar"
>
  <option
    value="Foo Bar"
  >
    Foo Bar
  </option>
  <option
    value="Foos Bar"
  >
    Bar foo
  </option>
  <option
    value="Foo sBar"
  >
    FoBaro
  </option>
  <option
    value="Foo ssBar"
  >
    Farboo
  </option>
  <optgroup
    label="But there is more"
  >
    <option
      value="vFoo Bar"
    >
      Foov Bar
    </option>
    <option
      value="vFoos Bar"
    >
      Barv foo
    </option>
    <option
      value="vFoo sBar"
    >
      FoBarov
    </option>
    <option
      value="vFoo ssBar"
    >
      Farboov
    </option>
  </optgroup>
</select>
`;
