// Jest Snapshot v1, https://goo.gl/fbAQLP

exports[`correct rendering renders CardStatus element 1`] = `
<div
  className="pgn__card-status pgn__card-status__warning"
>
  <div
    className="pgn__card-status__content"
  >
    <div
      className="pgn__card-status__message-content"
    >
      Text
    </div>
  </div>
</div>
`;
