// Jest Snapshot v1, https://goo.gl/fbAQLP

exports[`correct rendering renders CardStatus element 1`] = `
<div
  className="fade alert-content pgn__card-status alert alert-warning show"
  role="alert"
>
  <div
    className="pgn__alert-message-wrapper"
  >
    <div
      className="alert-message-content"
    >
      Text
    </div>
  </div>
</div>
`;
