// Jest Snapshot v1, https://goo.gl/fbAQLP

exports[`Avatar renders in all sizes 1`] = `
[
  <img
    alt=""
    className="pgn__avatar pgn__avatar-xs"
    src="test-file-stub"
  />,
  <img
    alt=""
    className="pgn__avatar pgn__avatar-sm"
    src="test-file-stub"
  />,
  <img
    alt=""
    className="pgn__avatar pgn__avatar-md"
    src="test-file-stub"
  />,
  <img
    alt=""
    className="pgn__avatar pgn__avatar-lg"
    src="test-file-stub"
  />,
  <img
    alt=""
    className="pgn__avatar pgn__avatar-xl"
    src="test-file-stub"
  />,
  <img
    alt=""
    className="pgn__avatar pgn__avatar-xxl"
    src="test-file-stub"
  />,
  <img
    alt=""
    className="pgn__avatar pgn__avatar-huge"
    src="test-file-stub"
  />,
]
`;
